// Jest Snapshot v1, https://goo.gl/fbAQLP

exports[`renders with WI data 1`] = `
<div>
  <div
    class="pl-5 App-header"
  >
    <p>
      Hello Sumit
      !
      <a
        class="pl-5 App-link"
        href="#"
      >
        Logout
      </a>
    </p>
    <ul>
      <li>
        <span>
          ID: 1 Title: new item 
          <a
            class="App-link"
            data-testid="edit1"
            href="#"
            id="1"
          >
            Edit
          </a>
        </span>
      </li>
      <ul>
        <li>
          <span>
            ID: 2 Title: new child item 
            <a
              class="App-link"
              data-testid="edit2"
              href="#"
              id="2"
            >
              Edit
            </a>
          </span>
        </li>
      </ul>
      <ul>
        <li>
          <span>
            ID: 3 Title: new child item 2 
            <a
              class="App-link"
              data-testid="edit3"
              href="#"
              id="3"
            >
              Edit
            </a>
          </span>
        </li>
      </ul>
      <ul>
        <li>
          <span>
            ID: 4 Title: new child item 4 
            <a
              class="App-link"
              data-testid="edit4"
              href="#"
              id="4"
            >
              Edit
            </a>
          </span>
        </li>
        <ul>
          <li>
            <span>
              ID: 5 Title: new child item 5 
              <a
                class="App-link"
                data-testid="edit5"
                href="#"
                id="5"
              >
                Edit
              </a>
            </span>
          </li>
        </ul>
        <ul>
          <li>
            <span>
              ID: 6 Title: new child item 6 
              <a
                class="App-link"
                data-testid="edit6"
                href="#"
                id="6"
              >
                Edit
              </a>
            </span>
          </li>
        </ul>
      </ul>
    </ul>
    <div />
  </div>
</div>
`;
